{"level":"info","message":"Hello from Infrastructure API ... ","service":"infrastructure-api","timestamp":"2026-08-30T09:41:32.472Z"}
{"level":"info","message":"::1 - - [30/Aug/2026:09:41:32 +0000] \"GET / HTTP/1.1\" 200 34 \"-\" \"Mozilla/5.0 (Windows NT 10.0; Win64; x64) AppleWebKit/537.36 (KHTML, like Gecko) Chrome/151.0.0.0 Safari/537.36\"","service":"infrastructure-api","timestamp":"2026-08-30T09:41:32.480Z"}
{"level":"info","message":"::1 - - [30/Aug/2026:09:41:32 +0000] \"GET /favicon.ico HTTP/1.1\" 404 150 \"-\" \"Mozilla/5.0 (Windows NT 10.0; Win64; x64) AppleWebKit/537.36 (KHTML, like Gecko) Chrome/151.0.0.0 Safari/537.36\"","service":"infrastructure-api","timestamp":"2026-08-30T09:41:32.551Z"}
{"level":"info","message":"Hello from Infrastructure API ... ","service":"infrastructure-api","timestamp":"2026-08-30T16:00:49.909Z"}
{"level":"info","message":"::1 - - [30/Aug/2026:16:00:49 +0000] \"GET / HTTP/1.1\" 200 34 \"-\" \"bruno-runtime/4.0.0\"","service":"infrastructure-api","timestamp":"2026-08-30T16:00:49.918Z"}
{"level":"info","message":"::1 - - [30/Aug/2026:16:01:04 +0000] \"GET /api/auth HTTP/1.1\" 404 147 \"-\" \"bruno-runtime/4.0.0\"","service":"infrastructure-api","timestamp":"2026-08-30T16:01:04.423Z"}
{"level":"info","message":"::1 - - [30/Aug/2026:16:01:10 +0000] \"GET /health HTTP/1.1\" 200 74 \"-\" \"bruno-runtime/4.0.0\"","service":"infrastructure-api","timestamp":"2026-08-30T16:01:10.583Z"}
{"level":"info","message":"::1 - - [30/Aug/2026:16:01:21 +0000] \"GET /api HTTP/1.1\" 200 28 \"-\" \"bruno-runtime/4.0.0\"","service":"infrastructure-api","timestamp":"2026-08-30T16:01:21.085Z"}
{"level":"info","message":"::1 - - [30/Aug/2026:16:02:31 +0000] \"POST /api/auth/sing-up HTTP/1.1\" 404 156 \"-\" \"bruno-runtime/4.0.0\"","service":"infrastructure-api","timestamp":"2026-08-30T16:02:31.179Z"}
{"level":"info","message":"::1 - - [30/Aug/2026:16:02:40 +0000] \"POST /api/auth/sign-up HTTP/1.1\" 200 22 \"-\" \"bruno-runtime/4.0.0\"","service":"infrastructure-api","timestamp":"2026-08-30T16:02:40.499Z"}
{"level":"info","message":"::1 - - [30/Aug/2026:16:46:37 +0000] \"POST /api/auth/sign-up HTTP/1.1\" 200 22 \"-\" \"bruno-runtime/4.0.0\"","service":"infrastructure-api","timestamp":"2026-08-30T16:46:37.222Z"}
{"level":"info","message":"::1 - - [30/Aug/2026:16:50:09 +0000] \"POST /api/auth/sign-up HTTP/1.1\" 400 92 \"-\" \"bruno-runtime/4.0.0\"","service":"infrastructure-api","timestamp":"2026-08-30T16:50:09.132Z"}
{"level":"info","message":"::1 - - [30/Aug/2026:16:52:38 +0000] \"POST /api/auth/sign-up HTTP/1.1\" 400 92 \"-\" \"bruno-runtime/4.0.0\"","service":"infrastructure-api","timestamp":"2026-08-30T16:52:38.346Z"}
{"level":"info","message":"::1 - - [30/Aug/2026:16:52:39 +0000] \"POST /api/auth/sign-up HTTP/1.1\" 400 92 \"-\" \"bruno-runtime/4.0.0\"","service":"infrastructure-api","timestamp":"2026-08-30T16:52:39.434Z"}
{"level":"info","message":"::1 - - [30/Aug/2026:16:53:20 +0000] \"POST /api/auth/sign-up HTTP/1.1\" 400 92 \"-\" \"bruno-runtime/4.0.0\"","service":"infrastructure-api","timestamp":"2026-08-30T16:53:20.142Z"}
{"level":"info","message":"::1 - - [30/Aug/2026:16:53:28 +0000] \"POST /api/auth/sign-up HTTP/1.1\" 400 92 \"-\" \"bruno-runtime/4.0.0\"","service":"infrastructure-api","timestamp":"2026-08-30T16:53:28.838Z"}
{"level":"info","message":"::1 - - [30/Aug/2026:16:53:49 +0000] \"POST /api/auth/sign-up HTTP/1.1\" 400 167 \"-\" \"bruno-runtime/4.0.0\"","service":"infrastructure-api","timestamp":"2026-08-30T16:53:49.460Z"}
{"level":"info","message":"::1 - - [30/Aug/2026:16:53:58 +0000] \"POST /api/auth/sign-up HTTP/1.1\" 400 144 \"-\" \"bruno-runtime/4.0.0\"","service":"infrastructure-api","timestamp":"2026-08-30T16:53:58.212Z"}
{"level":"info","message":"::1 - - [30/Aug/2026:16:54:43 +0000] \"POST /api/auth/sign-up HTTP/1.1\" 400 114 \"-\" \"bruno-runtime/4.0.0\"","service":"infrastructure-api","timestamp":"2026-08-30T16:54:43.592Z"}
{"level":"info","message":"::1 - - [30/Aug/2026:16:54:52 +0000] \"POST /api/auth/sign-up HTTP/1.1\" 400 91 \"-\" \"bruno-runtime/4.0.0\"","service":"infrastructure-api","timestamp":"2026-08-30T16:54:52.528Z"}
{"email":"rasool.kakaee@gmail.com","level":"info","message":"User registered successfully:","name":"rasool","service":"infrastructure-api","timestamp":"2026-08-30T16:55:04.269Z"}
{"level":"info","message":"::1 - - [30/Aug/2026:16:55:04 +0000] \"POST /api/auth/sign-up HTTP/1.1\" 201 122 \"-\" \"bruno-runtime/4.0.0\"","service":"infrastructure-api","timestamp":"2026-08-30T16:55:04.270Z"}
{"email":"rasool.kakaee@gmail.com","level":"info","message":"User registered successfully:","name":"rasool","service":"infrastructure-api","timestamp":"2026-08-30T16:55:07.029Z"}
{"level":"info","message":"::1 - - [30/Aug/2026:16:55:07 +0000] \"POST /api/auth/sign-up HTTP/1.1\" 201 122 \"-\" \"bruno-runtime/4.0.0\"","service":"infrastructure-api","timestamp":"2026-08-30T16:55:07.030Z"}
{"email":"rasool.kakaee@gmail.com","level":"info","message":"User registered successfully:","name":"rasool","service":"infrastructure-api","timestamp":"2026-08-30T16:55:07.679Z"}
{"level":"info","message":"::1 - - [30/Aug/2026:16:55:07 +0000] \"POST /api/auth/sign-up HTTP/1.1\" 201 122 \"-\" \"bruno-runtime/4.0.0\"","service":"infrastructure-api","timestamp":"2026-08-30T16:55:07.680Z"}
{"email":"rasool.kakaee@gmail.com","level":"info","message":"User registered successfully:","name":"rasool","service":"infrastructure-api","timestamp":"2026-08-30T16:55:08.309Z"}
{"level":"info","message":"::1 - - [30/Aug/2026:16:55:08 +0000] \"POST /api/auth/sign-up HTTP/1.1\" 201 122 \"-\" \"bruno-runtime/4.0.0\"","service":"infrastructure-api","timestamp":"2026-08-30T16:55:08.310Z"}
{"level":"info","message":"Hello from Infrastructure API ... ","service":"infrastructure-api","timestamp":"2026-09-01T07:04:13.843Z"}
{"level":"info","message":"::1 - - [01/Sep/2026:07:04:13 +0000] \"GET /?name=Rasool&email=rasool.kakaee%40gmail.com&password=23488118931&role=Admin HTTP/1.1\" 200 34 \"-\" \"bruno-runtime/4.0.0\"","service":"infrastructure-api","timestamp":"2026-09-01T07:04:13.850Z"}
{"level":"info","message":"::1 - - [01/Sep/2026:07:05:57 +0000] \"POST /api/auth/sing-up?name=Rasool&email=rasool.kakaee%40gmail.com&role=Admin&password=23488118931 HTTP/1.1\" 404 156 \"-\" \"bruno-runtime/4.0.0\"","service":"infrastructure-api","timestamp":"2026-09-01T07:05:57.678Z"}
{"level":"info","message":"::1 - - [01/Sep/2026:07:06:40 +0000] \"POST /api/auth/sign-up HTTP/1.1\" 400 92 \"-\" \"bruno-runtime/4.0.0\"","service":"infrastructure-api","timestamp":"2026-09-01T07:06:40.731Z"}
{"level":"error","message":"Error creating user: TypeError: db.select is not a function","service":"infrastructure-api","timestamp":"2026-09-01T07:06:47.614Z"}
{"cause":{},"level":"error","message":"Signup error: Error creating user","service":"infrastructure-api","stack":"Error: Error creating user\n    at createUser (file:///I:/devops/infrastructure/src/services/auth.service.js:40:11)\n    at singup (file:///I:/devops/infrastructure/src/controllers/auth.controller.js:20:24)\n    at Layer.handleRequest (I:\\devops\\infrastructure\\node_modules\\router\\lib\\layer.js:152:17)\n    at next (I:\\devops\\infrastructure\\node_modules\\router\\lib\\route.js:157:13)\n    at Route.dispatch (I:\\devops\\infrastructure\\node_modules\\router\\lib\\route.js:117:3)\n    at handle (I:\\devops\\infrastructure\\node_modules\\router\\index.js:435:11)\n    at Layer.handleRequest (I:\\devops\\infrastructure\\node_modules\\router\\lib\\layer.js:152:17)\n    at I:\\devops\\infrastructure\\node_modules\\router\\index.js:295:15\n    at processParams (I:\\devops\\infrastructure\\node_modules\\router\\index.js:582:12)\n    at next (I:\\devops\\infrastructure\\node_modules\\router\\index.js:291:5)","timestamp":"2026-09-01T07:06:47.618Z"}
{"level":"info","message":"::1 - - [01/Sep/2026:07:06:47 +0000] \"POST /api/auth/sign-up HTTP/1.1\" 500 1119 \"-\" \"bruno-runtime/4.0.0\"","service":"infrastructure-api","timestamp":"2026-09-01T07:06:47.623Z"}
{"level":"error","message":"Error creating user: TypeError: db.select is not a function","service":"infrastructure-api","timestamp":"2026-09-01T07:07:47.384Z"}
{"cause":{},"level":"error","message":"Signup error: Error creating user","service":"infrastructure-api","stack":"Error: Error creating user\n    at createUser (file:///I:/devops/infrastructure/src/services/auth.service.js:40:11)\n    at singup (file:///I:/devops/infrastructure/src/controllers/auth.controller.js:20:24)\n    at Layer.handleRequest (I:\\devops\\infrastructure\\node_modules\\router\\lib\\layer.js:152:17)\n    at next (I:\\devops\\infrastructure\\node_modules\\router\\lib\\route.js:157:13)\n    at Route.dispatch (I:\\devops\\infrastructure\\node_modules\\router\\lib\\route.js:117:3)\n    at handle (I:\\devops\\infrastructure\\node_modules\\router\\index.js:435:11)\n    at Layer.handleRequest (I:\\devops\\infrastructure\\node_modules\\router\\lib\\layer.js:152:17)\n    at I:\\devops\\infrastructure\\node_modules\\router\\index.js:295:15\n    at processParams (I:\\devops\\infrastructure\\node_modules\\router\\index.js:582:12)\n    at next (I:\\devops\\infrastructure\\node_modules\\router\\index.js:291:5)","timestamp":"2026-09-01T07:07:47.389Z"}
{"level":"info","message":"::1 - - [01/Sep/2026:07:07:47 +0000] \"POST /api/auth/sign-up HTTP/1.1\" 500 1119 \"-\" \"bruno-runtime/4.0.0\"","service":"infrastructure-api","timestamp":"2026-09-01T07:07:47.394Z"}
{"level":"error","message":"Error creating user: TypeError: db.select is not a function","service":"infrastructure-api","timestamp":"2026-09-01T07:10:55.871Z"}
{"cause":{},"level":"error","message":"Signup error: Error creating user","service":"infrastructure-api","stack":"Error: Error creating user\n    at createUser (file:///I:/devops/infrastructure/src/services/auth.service.js:40:11)\n    at singup (file:///I:/devops/infrastructure/src/controllers/auth.controller.js:20:24)\n    at Layer.handleRequest (I:\\devops\\infrastructure\\node_modules\\router\\lib\\layer.js:152:17)\n    at next (I:\\devops\\infrastructure\\node_modules\\router\\lib\\route.js:157:13)\n    at Route.dispatch (I:\\devops\\infrastructure\\node_modules\\router\\lib\\route.js:117:3)\n    at handle (I:\\devops\\infrastructure\\node_modules\\router\\index.js:435:11)\n    at Layer.handleRequest (I:\\devops\\infrastructure\\node_modules\\router\\lib\\layer.js:152:17)\n    at I:\\devops\\infrastructure\\node_modules\\router\\index.js:295:15\n    at processParams (I:\\devops\\infrastructure\\node_modules\\router\\index.js:582:12)\n    at next (I:\\devops\\infrastructure\\node_modules\\router\\index.js:291:5)","timestamp":"2026-09-01T07:10:55.875Z"}
{"level":"info","message":"::1 - - [01/Sep/2026:07:10:55 +0000] \"POST /api/auth/sign-up HTTP/1.1\" 500 1119 \"-\" \"bruno-runtime/4.0.0\"","service":"infrastructure-api","timestamp":"2026-09-01T07:10:55.879Z"}
{"level":"error","message":"Error creating user: TypeError: db.select is not a function","service":"infrastructure-api","timestamp":"2026-09-01T07:17:27.679Z"}
{"cause":{},"level":"error","message":"Signup error: Error creating user","service":"infrastructure-api","stack":"Error: Error creating user\n    at createUser (file:///I:/devops/infrastructure/src/services/auth.service.js:40:11)\n    at singup (file:///I:/devops/infrastructure/src/controllers/auth.controller.js:20:24)\n    at Layer.handleRequest (I:\\devops\\infrastructure\\node_modules\\router\\lib\\layer.js:152:17)\n    at next (I:\\devops\\infrastructure\\node_modules\\router\\lib\\route.js:157:13)\n    at Route.dispatch (I:\\devops\\infrastructure\\node_modules\\router\\lib\\route.js:117:3)\n    at handle (I:\\devops\\infrastructure\\node_modules\\router\\index.js:435:11)\n    at Layer.handleRequest (I:\\devops\\infrastructure\\node_modules\\router\\lib\\layer.js:152:17)\n    at I:\\devops\\infrastructure\\node_modules\\router\\index.js:295:15\n    at processParams (I:\\devops\\infrastructure\\node_modules\\router\\index.js:582:12)\n    at next (I:\\devops\\infrastructure\\node_modules\\router\\index.js:291:5)","timestamp":"2026-09-01T07:17:27.682Z"}
{"level":"info","message":"::1 - - [01/Sep/2026:07:17:27 +0000] \"POST /api/auth/sign-up HTTP/1.1\" 500 1119 \"-\" \"bruno-runtime/4.0.0\"","service":"infrastructure-api","timestamp":"2026-09-01T07:17:27.686Z"}
{"level":"info","message":"User rasool.kakaee@gmail.com created successfully","service":"infrastructure-api","timestamp":"2026-09-01T07:21:26.753Z"}
{"email":"rasool.kakaee@gmail.com","level":"info","message":"User registered successfully:","name":"Rasool","service":"infrastructure-api","timestamp":"2026-09-01T07:21:26.758Z"}
{"level":"info","message":"::1 - - [01/Sep/2026:07:21:26 +0000] \"POST /api/auth/sign-up HTTP/1.1\" 201 123 \"-\" \"bruno-runtime/4.0.0\"","service":"infrastructure-api","timestamp":"2026-09-01T07:21:26.763Z"}
{"level":"info","message":"User ali.hashemi@gmail.com created successfully","service":"infrastructure-api","timestamp":"2026-09-01T07:21:44.852Z"}
{"email":"ali.hashemi@gmail.com","level":"info","message":"User registered successfully:","name":"Ali","service":"infrastructure-api","timestamp":"2026-09-01T07:21:44.853Z"}
{"level":"info","message":"::1 - - [01/Sep/2026:07:21:44 +0000] \"POST /api/auth/sign-up HTTP/1.1\" 201 117 \"-\" \"bruno-runtime/4.0.0\"","service":"infrastructure-api","timestamp":"2026-09-01T07:21:44.854Z"}
{"level":"error","message":"Arcjet middleware error:  Cannot read properties of undefined (reading 'role')","service":"infrastructure-api","stack":"TypeError: Cannot read properties of undefined (reading 'role')\n    at securityMiddleware (file:///I:/devops/infrastructure/src/middleware/security.middleware.js:7:27)\n    at Layer.handleRequest (I:\\devops\\infrastructure\\node_modules\\router\\lib\\layer.js:152:17)\n    at trimPrefix (I:\\devops\\infrastructure\\node_modules\\router\\index.js:342:13)\n    at I:\\devops\\infrastructure\\node_modules\\router\\index.js:297:9\n    at processParams (I:\\devops\\infrastructure\\node_modules\\router\\index.js:582:12)\n    at next (I:\\devops\\infrastructure\\node_modules\\router\\index.js:291:5)\n    at logger (I:\\devops\\infrastructure\\node_modules\\morgan\\index.js:176:5)\n    at Layer.handleRequest (I:\\devops\\infrastructure\\node_modules\\router\\lib\\layer.js:152:17)\n    at trimPrefix (I:\\devops\\infrastructure\\node_modules\\router\\index.js:342:13)\n    at I:\\devops\\infrastructure\\node_modules\\router\\index.js:297:9","timestamp":"2026-09-01T08:16:38.971Z"}
{"level":"info","message":"::1 - - [01/Sep/2026:08:16:38 +0000] \"GET /health HTTP/1.1\" 500 91 \"-\" \"bruno-runtime/4.0.0\"","service":"infrastructure-api","timestamp":"2026-09-01T08:16:38.979Z"}
{"level":"info","message":"::1 - - [01/Sep/2026:08:18:38 +0000] \"GET /health HTTP/1.1\" 200 74 \"-\" \"bruno-runtime/4.0.0\"","service":"infrastructure-api","timestamp":"2026-09-01T08:18:38.070Z"}
{"level":"info","message":"::1 - - [01/Sep/2026:08:18:38 +0000] \"GET /health HTTP/1.1\" 200 74 \"-\" \"bruno-runtime/4.0.0\"","service":"infrastructure-api","timestamp":"2026-09-01T08:18:38.900Z"}
{"level":"info","message":"::1 - - [01/Sep/2026:08:18:39 +0000] \"GET /health HTTP/1.1\" 200 74 \"-\" \"bruno-runtime/4.0.0\"","service":"infrastructure-api","timestamp":"2026-09-01T08:18:39.527Z"}
{"level":"info","message":"::1 - - [01/Sep/2026:08:18:40 +0000] \"GET /health HTTP/1.1\" 200 74 \"-\" \"bruno-runtime/4.0.0\"","service":"infrastructure-api","timestamp":"2026-09-01T08:18:40.092Z"}
{"level":"info","message":"::1 - - [01/Sep/2026:08:18:40 +0000] \"GET /health HTTP/1.1\" 200 74 \"-\" \"bruno-runtime/4.0.0\"","service":"infrastructure-api","timestamp":"2026-09-01T08:18:40.768Z"}
{"level":"info","message":"::1 - - [01/Sep/2026:08:18:41 +0000] \"GET /health HTTP/1.1\" - - \"-\" \"bruno-runtime/4.0.0\"","service":"infrastructure-api","timestamp":"2026-09-01T08:18:41.527Z"}
{"level":"info","message":"::1 - - [01/Sep/2026:08:18:55 +0000] \"GET /health HTTP/1.1\" 200 74 \"-\" \"bruno-runtime/4.0.0\"","service":"infrastructure-api","timestamp":"2026-09-01T08:18:55.625Z"}
{"level":"info","message":"::1 - - [01/Sep/2026:08:18:56 +0000] \"GET /health HTTP/1.1\" 200 74 \"-\" \"bruno-runtime/4.0.0\"","service":"infrastructure-api","timestamp":"2026-09-01T08:18:56.732Z"}
{"level":"info","message":"::1 - - [01/Sep/2026:08:18:58 +0000] \"GET /health HTTP/1.1\" - - \"-\" \"bruno-runtime/4.0.0\"","service":"infrastructure-api","timestamp":"2026-09-01T08:18:58.005Z"}
{"level":"info","message":"::1 - - [01/Sep/2026:08:18:58 +0000] \"GET /health HTTP/1.1\" - - \"-\" \"bruno-runtime/4.0.0\"","service":"infrastructure-api","timestamp":"2026-09-01T08:18:58.350Z"}
{"level":"info","message":"::1 - - [01/Sep/2026:08:20:17 +0000] \"GET /health HTTP/1.1\" 200 75 \"-\" \"bruno-runtime/4.0.0\"","service":"infrastructure-api","timestamp":"2026-09-01T08:20:17.495Z"}
{"level":"info","message":"::1 - - [01/Sep/2026:08:20:19 +0000] \"GET /health HTTP/1.1\" 200 74 \"-\" \"bruno-runtime/4.0.0\"","service":"infrastructure-api","timestamp":"2026-09-01T08:20:19.026Z"}
{"level":"info","message":"::1 - - [01/Sep/2026:08:20:20 +0000] \"GET /health HTTP/1.1\" 200 75 \"-\" \"bruno-runtime/4.0.0\"","service":"infrastructure-api","timestamp":"2026-09-01T08:20:20.729Z"}
{"level":"info","message":"::1 - - [01/Sep/2026:08:20:22 +0000] \"GET /health HTTP/1.1\" 200 75 \"-\" \"bruno-runtime/4.0.0\"","service":"infrastructure-api","timestamp":"2026-09-01T08:20:22.324Z"}
{"level":"info","message":"::1 - - [01/Sep/2026:08:20:23 +0000] \"GET /health HTTP/1.1\" 200 75 \"-\" \"bruno-runtime/4.0.0\"","service":"infrastructure-api","timestamp":"2026-09-01T08:20:23.759Z"}
{"level":"info","message":"::1 - - [01/Sep/2026:08:20:25 +0000] \"GET /health HTTP/1.1\" 200 75 \"-\" \"bruno-runtime/4.0.0\"","service":"infrastructure-api","timestamp":"2026-09-01T08:20:25.082Z"}
{"level":"info","message":"::1 - - [01/Sep/2026:08:20:26 +0000] \"GET /health HTTP/1.1\" 200 75 \"-\" \"bruno-runtime/4.0.0\"","service":"infrastructure-api","timestamp":"2026-09-01T08:20:26.595Z"}
{"level":"info","message":"::1 - - [01/Sep/2026:08:20:28 +0000] \"GET /health HTTP/1.1\" 200 75 \"-\" \"bruno-runtime/4.0.0\"","service":"infrastructure-api","timestamp":"2026-09-01T08:20:28.385Z"}
{"level":"info","message":"::1 - - [01/Sep/2026:08:20:29 +0000] \"GET /health HTTP/1.1\" 200 75 \"-\" \"bruno-runtime/4.0.0\"","service":"infrastructure-api","timestamp":"2026-09-01T08:20:29.829Z"}
{"level":"info","message":"::1 - - [01/Sep/2026:08:20:30 +0000] \"GET /health HTTP/1.1\" - - \"-\" \"bruno-runtime/4.0.0\"","service":"infrastructure-api","timestamp":"2026-09-01T08:20:30.487Z"}
{"level":"info","message":"::1 - - [01/Sep/2026:08:20:30 +0000] \"GET /health HTTP/1.1\" 200 75 \"-\" \"bruno-runtime/4.0.0\"","service":"infrastructure-api","timestamp":"2026-09-01T08:20:30.825Z"}
{"level":"info","message":"::1 - - [01/Sep/2026:08:20:31 +0000] \"GET /health HTTP/1.1\" - - \"-\" \"bruno-runtime/4.0.0\"","service":"infrastructure-api","timestamp":"2026-09-01T08:20:31.813Z"}
{"level":"info","message":"::1 - - [01/Sep/2026:08:20:32 +0000] \"GET /health HTTP/1.1\" 200 75 \"-\" \"bruno-runtime/4.0.0\"","service":"infrastructure-api","timestamp":"2026-09-01T08:20:32.153Z"}
{"level":"info","message":"::1 - - [01/Sep/2026:08:20:32 +0000] \"GET /health HTTP/1.1\" - - \"-\" \"bruno-runtime/4.0.0\"","service":"infrastructure-api","timestamp":"2026-09-01T08:20:32.325Z"}
{"level":"info","message":"::1 - - [01/Sep/2026:08:20:32 +0000] \"GET /health HTTP/1.1\" - - \"-\" \"bruno-runtime/4.0.0\"","service":"infrastructure-api","timestamp":"2026-09-01T08:20:32.693Z"}
{"level":"info","message":"::1 - - [01/Sep/2026:08:23:00 +0000] \"GET /health HTTP/1.1\" 200 73 \"-\" \"bruno-runtime/4.0.0\"","service":"infrastructure-api","timestamp":"2026-09-01T08:23:00.543Z"}
{"level":"info","message":"::1 - - [01/Sep/2026:08:23:01 +0000] \"GET /health HTTP/1.1\" 200 73 \"-\" \"bruno-runtime/4.0.0\"","service":"infrastructure-api","timestamp":"2026-09-01T08:23:01.472Z"}
{"level":"info","message":"::1 - - [01/Sep/2026:08:23:02 +0000] \"GET /health HTTP/1.1\" 200 73 \"-\" \"bruno-runtime/4.0.0\"","service":"infrastructure-api","timestamp":"2026-09-01T08:23:02.164Z"}
{"level":"info","message":"::1 - - [01/Sep/2026:08:23:02 +0000] \"GET /health HTTP/1.1\" 200 73 \"-\" \"bruno-runtime/4.0.0\"","service":"infrastructure-api","timestamp":"2026-09-01T08:23:02.676Z"}
{"level":"info","message":"::1 - - [01/Sep/2026:08:23:03 +0000] \"GET /health HTTP/1.1\" 200 73 \"-\" \"bruno-runtime/4.0.0\"","service":"infrastructure-api","timestamp":"2026-09-01T08:23:03.150Z"}
{"level":"info","message":"::1 - - [01/Sep/2026:08:23:03 +0000] \"GET /health HTTP/1.1\" - - \"-\" \"bruno-runtime/4.0.0\"","service":"infrastructure-api","timestamp":"2026-09-01T08:23:03.583Z"}
{"level":"info","message":"::1 - - [01/Sep/2026:08:23:03 +0000] \"GET /health HTTP/1.1\" 200 73 \"-\" \"bruno-runtime/4.0.0\"","service":"infrastructure-api","timestamp":"2026-09-01T08:23:03.928Z"}
{"level":"info","message":"::1 - - [01/Sep/2026:08:23:04 +0000] \"GET /health HTTP/1.1\" 200 73 \"-\" \"bruno-runtime/4.0.0\"","service":"infrastructure-api","timestamp":"2026-09-01T08:23:04.842Z"}
{"level":"info","message":"::1 - - [01/Sep/2026:08:23:05 +0000] \"GET /health HTTP/1.1\" 200 73 \"-\" \"bruno-runtime/4.0.0\"","service":"infrastructure-api","timestamp":"2026-09-01T08:23:05.346Z"}
{"level":"info","message":"::1 - - [01/Sep/2026:08:23:05 +0000] \"GET /health HTTP/1.1\" - - \"-\" \"bruno-runtime/4.0.0\"","service":"infrastructure-api","timestamp":"2026-09-01T08:23:05.540Z"}
{"level":"info","message":"::1 - - [01/Sep/2026:08:23:59 +0000] \"GET /health HTTP/1.1\" 200 73 \"-\" \"bruno-runtime/4.0.0\"","service":"infrastructure-api","timestamp":"2026-09-01T08:23:59.910Z"}
{"level":"info","message":"::1 - - [01/Sep/2026:08:24:00 +0000] \"GET /health HTTP/1.1\" 200 73 \"-\" \"bruno-runtime/4.0.0\"","service":"infrastructure-api","timestamp":"2026-09-01T08:24:00.898Z"}
{"level":"info","message":"::1 - - [01/Sep/2026:08:24:01 +0000] \"GET /health HTTP/1.1\" - - \"-\" \"bruno-runtime/4.0.0\"","service":"infrastructure-api","timestamp":"2026-09-01T08:24:01.486Z"}
{"level":"info","message":"::1 - - [01/Sep/2026:08:24:01 +0000] \"GET /health HTTP/1.1\" - - \"-\" \"bruno-runtime/4.0.0\"","service":"infrastructure-api","timestamp":"2026-09-01T08:24:01.796Z"}
{"level":"info","message":"::1 - - [01/Sep/2026:08:26:26 +0000] \"GET /health HTTP/1.1\" 200 73 \"-\" \"bruno-runtime/4.0.0\"","service":"infrastructure-api","timestamp":"2026-09-01T08:26:26.728Z"}
{"level":"info","message":"::1 - - [01/Sep/2026:08:26:27 +0000] \"GET /health HTTP/1.1\" - - \"-\" \"bruno-runtime/4.0.0\"","service":"infrastructure-api","timestamp":"2026-09-01T08:26:27.405Z"}
{"level":"info","message":"::1 - - [01/Sep/2026:08:26:27 +0000] \"GET /health HTTP/1.1\" 200 74 \"-\" \"bruno-runtime/4.0.0\"","service":"infrastructure-api","timestamp":"2026-09-01T08:26:27.834Z"}
{"level":"info","message":"::1 - - [01/Sep/2026:08:26:28 +0000] \"GET /health HTTP/1.1\" - - \"-\" \"bruno-runtime/4.0.0\"","service":"infrastructure-api","timestamp":"2026-09-01T08:26:28.580Z"}
{"level":"info","message":"::1 - - [01/Sep/2026:08:28:10 +0000] \"GET /health HTTP/1.1\" 200 74 \"-\" \"bruno-runtime/4.0.0\"","service":"infrastructure-api","timestamp":"2026-09-01T08:28:10.350Z"}
{"level":"info","message":"::1 - - [01/Sep/2026:08:28:11 +0000] \"GET /health HTTP/1.1\" 200 74 \"-\" \"bruno-runtime/4.0.0\"","service":"infrastructure-api","timestamp":"2026-09-01T08:28:11.544Z"}
{"level":"info","message":"::1 - - [01/Sep/2026:08:28:12 +0000] \"GET /health HTTP/1.1\" - - \"-\" \"bruno-runtime/4.0.0\"","service":"infrastructure-api","timestamp":"2026-09-01T08:28:12.148Z"}
{"level":"info","message":"::1 - - [01/Sep/2026:08:28:12 +0000] \"GET /health HTTP/1.1\" 200 74 \"-\" \"bruno-runtime/4.0.0\"","service":"infrastructure-api","timestamp":"2026-09-01T08:28:12.552Z"}
{"level":"info","message":"::1 - - [01/Sep/2026:08:28:13 +0000] \"GET /health HTTP/1.1\" - - \"-\" \"bruno-runtime/4.0.0\"","service":"infrastructure-api","timestamp":"2026-09-01T08:28:13.307Z"}
{"ip":"::1","level":"warn","message":"Rate Limit exceeded","method":"GET","path":"/health","service":"infrastructure-api","timestamp":"2026-09-01T08:28:13.684Z","userAgent":"bruno-runtime/4.0.0"}
{"level":"info","message":"::1 - - [01/Sep/2026:08:28:13 +0000] \"GET /health HTTP/1.1\" 403 51 \"-\" \"bruno-runtime/4.0.0\"","service":"infrastructure-api","timestamp":"2026-09-01T08:28:13.685Z"}
{"ip":"::1","level":"warn","message":"Rate Limit exceeded","method":"GET","path":"/health","service":"infrastructure-api","timestamp":"2026-09-01T08:28:14.550Z","userAgent":"bruno-runtime/4.0.0"}
{"level":"info","message":"::1 - - [01/Sep/2026:08:28:14 +0000] \"GET /health HTTP/1.1\" 403 51 \"-\" \"bruno-runtime/4.0.0\"","service":"infrastructure-api","timestamp":"2026-09-01T08:28:14.552Z"}
{"ip":"::1","level":"warn","message":"Rate Limit exceeded","method":"GET","path":"/health","service":"infrastructure-api","timestamp":"2026-09-01T08:28:15.356Z","userAgent":"bruno-runtime/4.0.0"}
{"level":"info","message":"::1 - - [01/Sep/2026:08:28:15 +0000] \"GET /health HTTP/1.1\" 403 51 \"-\" \"bruno-runtime/4.0.0\"","service":"infrastructure-api","timestamp":"2026-09-01T08:28:15.357Z"}
{"level":"info","message":"::1 - - [01/Sep/2026:08:28:15 +0000] \"GET /health HTTP/1.1\" - - \"-\" \"bruno-runtime/4.0.0\"","service":"infrastructure-api","timestamp":"2026-09-01T08:28:15.987Z"}
{"ip":"::1","level":"warn","message":"Rate Limit exceeded","method":"GET","path":"/health","service":"infrastructure-api","timestamp":"2026-09-01T08:28:16.340Z","userAgent":"bruno-runtime/4.0.0"}
{"ip":"::1","level":"warn","message":"Rate Limit exceeded","method":"GET","path":"/health","service":"infrastructure-api","timestamp":"2026-09-01T08:28:16.396Z","userAgent":"bruno-runtime/4.0.0"}
{"level":"info","message":"::1 - - [01/Sep/2026:08:28:16 +0000] \"GET /health HTTP/1.1\" 403 51 \"-\" \"bruno-runtime/4.0.0\"","service":"infrastructure-api","timestamp":"2026-09-01T08:28:16.396Z"}
{"level":"info","message":"::1 - - [01/Sep/2026:08:28:20 +0000] \"GET /health HTTP/1.1\" - - \"-\" \"bruno-runtime/4.0.0\"","service":"infrastructure-api","timestamp":"2026-09-01T08:28:20.763Z"}
{"ip":"::1","level":"warn","message":"Rate Limit exceeded","method":"GET","path":"/health","service":"infrastructure-api","timestamp":"2026-09-01T08:28:21.109Z","userAgent":"bruno-runtime/4.0.0"}
{"level":"info","message":"::1 - - [01/Sep/2026:08:28:21 +0000] \"GET /health HTTP/1.1\" - - \"-\" \"bruno-runtime/4.0.0\"","service":"infrastructure-api","timestamp":"2026-09-01T08:28:21.124Z"}
{"ip":"::1","level":"warn","message":"Rate Limit exceeded","method":"GET","path":"/health","service":"infrastructure-api","timestamp":"2026-09-01T08:28:21.166Z","userAgent":"bruno-runtime/4.0.0"}
{"ip":"::1","level":"warn","message":"Rate Limit exceeded","method":"GET","path":"/health","service":"infrastructure-api","timestamp":"2026-09-01T08:28:21.528Z","userAgent":"bruno-runtime/4.0.0"}
{"level":"info","message":"::1 - - [01/Sep/2026:08:28:21 +0000] \"GET /health HTTP/1.1\" 403 51 \"-\" \"bruno-runtime/4.0.0\"","service":"infrastructure-api","timestamp":"2026-09-01T08:28:21.529Z"}
{"level":"info","message":"::1 - - [01/Sep/2026:08:28:22 +0000] \"GET /health HTTP/1.1\" - - \"-\" \"bruno-runtime/4.0.0\"","service":"infrastructure-api","timestamp":"2026-09-01T08:28:22.875Z"}
{"ip":"::1","level":"warn","message":"Rate Limit exceeded","method":"GET","path":"/health","service":"infrastructure-api","timestamp":"2026-09-01T08:28:23.090Z","userAgent":"bruno-runtime/4.0.0"}
{"level":"info","message":"::1 - - [01/Sep/2026:08:28:23 +0000] \"GET /health HTTP/1.1\" - - \"-\" \"bruno-runtime/4.0.0\"","service":"infrastructure-api","timestamp":"2026-09-01T08:28:23.227Z"}
{"ip":"::1","level":"warn","message":"Rate Limit exceeded","method":"GET","path":"/health","service":"infrastructure-api","timestamp":"2026-09-01T08:28:23.270Z","userAgent":"bruno-runtime/4.0.0"}
{"level":"info","message":"::1 - - [01/Sep/2026:08:28:24 +0000] \"GET /health HTTP/1.1\" - - \"-\" \"bruno-runtime/4.0.0\"","service":"infrastructure-api","timestamp":"2026-09-01T08:28:24.699Z"}
{"ip":"::1","level":"warn","message":"Rate Limit exceeded","method":"GET","path":"/health","service":"infrastructure-api","timestamp":"2026-09-01T08:28:24.758Z","userAgent":"bruno-runtime/4.0.0"}
{"ip":"::1","level":"warn","message":"Rate Limit exceeded","method":"GET","path":"/health","service":"infrastructure-api","timestamp":"2026-09-01T08:28:29.170Z","userAgent":"bruno-runtime/4.0.0"}
{"level":"info","message":"::1 - - [01/Sep/2026:08:28:29 +0000] \"GET /health HTTP/1.1\" 403 51 \"-\" \"bruno-runtime/4.0.0\"","service":"infrastructure-api","timestamp":"2026-09-01T08:28:29.171Z"}
{"ip":"::1","level":"warn","message":"Rate Limit exceeded","method":"GET","path":"/health","service":"infrastructure-api","timestamp":"2026-09-01T08:28:30.114Z","userAgent":"bruno-runtime/4.0.0"}
{"level":"info","message":"::1 - - [01/Sep/2026:08:28:30 +0000] \"GET /health HTTP/1.1\" 403 51 \"-\" \"bruno-runtime/4.0.0\"","service":"infrastructure-api","timestamp":"2026-09-01T08:28:30.115Z"}
{"ip":"::1","level":"warn","message":"Rate Limit exceeded","method":"GET","path":"/health","service":"infrastructure-api","timestamp":"2026-09-01T08:28:31.346Z","userAgent":"bruno-runtime/4.0.0"}
{"level":"info","message":"::1 - - [01/Sep/2026:08:28:31 +0000] \"GET /health HTTP/1.1\" 403 51 \"-\" \"bruno-runtime/4.0.0\"","service":"infrastructure-api","timestamp":"2026-09-01T08:28:31.347Z"}
{"ip":"::1","level":"warn","message":"Rate Limit exceeded","method":"GET","path":"/health","service":"infrastructure-api","timestamp":"2026-09-01T08:28:33.260Z","userAgent":"bruno-runtime/4.0.0"}
{"level":"info","message":"::1 - - [01/Sep/2026:08:28:33 +0000] \"GET /health HTTP/1.1\" 403 51 \"-\" \"bruno-runtime/4.0.0\"","service":"infrastructure-api","timestamp":"2026-09-01T08:28:33.261Z"}
{"ip":"::1","level":"warn","message":"Rate Limit exceeded","method":"GET","path":"/health","service":"infrastructure-api","timestamp":"2026-09-01T08:28:34.099Z","userAgent":"bruno-runtime/4.0.0"}
{"level":"info","message":"::1 - - [01/Sep/2026:08:28:34 +0000] \"GET /health HTTP/1.1\" 403 51 \"-\" \"bruno-runtime/4.0.0\"","service":"infrastructure-api","timestamp":"2026-09-01T08:28:34.100Z"}
{"ip":"::1","level":"warn","message":"Rate Limit exceeded","method":"GET","path":"/health","service":"infrastructure-api","timestamp":"2026-09-01T08:28:34.774Z","userAgent":"bruno-runtime/4.0.0"}
{"level":"info","message":"::1 - - [01/Sep/2026:08:28:34 +0000] \"GET /health HTTP/1.1\" 403 51 \"-\" \"bruno-runtime/4.0.0\"","service":"infrastructure-api","timestamp":"2026-09-01T08:28:34.774Z"}
{"level":"info","message":"::1 - - [01/Sep/2026:08:28:35 +0000] \"GET /health HTTP/1.1\" - - \"-\" \"bruno-runtime/4.0.0\"","service":"infrastructure-api","timestamp":"2026-09-01T08:28:35.340Z"}
{"ip":"::1","level":"warn","message":"Rate Limit exceeded","method":"GET","path":"/health","service":"infrastructure-api","timestamp":"2026-09-01T08:28:35.388Z","userAgent":"bruno-runtime/4.0.0"}
{"level":"info","message":"::1 - - [01/Sep/2026:08:28:35 +0000] \"GET /health HTTP/1.1\" - - \"-\" \"bruno-runtime/4.0.0\"","service":"infrastructure-api","timestamp":"2026-09-01T08:28:35.660Z"}
{"ip":"::1","level":"warn","message":"Rate Limit exceeded","method":"GET","path":"/health","service":"infrastructure-api","timestamp":"2026-09-01T08:28:35.712Z","userAgent":"bruno-runtime/4.0.0"}
{"ip":"::1","level":"warn","message":"Rate Limit exceeded","method":"GET","path":"/health","service":"infrastructure-api","timestamp":"2026-09-01T08:28:36.375Z","userAgent":"bruno-runtime/4.0.0"}
{"level":"info","message":"::1 - - [01/Sep/2026:08:28:36 +0000] \"GET /health HTTP/1.1\" 403 51 \"-\" \"bruno-runtime/4.0.0\"","service":"infrastructure-api","timestamp":"2026-09-01T08:28:36.376Z"}
{"ip":"::1","level":"warn","message":"Rate Limit exceeded","method":"GET","path":"/health","service":"infrastructure-api","timestamp":"2026-09-01T08:28:38.314Z","userAgent":"bruno-runtime/4.0.0"}
{"level":"info","message":"::1 - - [01/Sep/2026:08:28:38 +0000] \"GET /health HTTP/1.1\" 403 51 \"-\" \"bruno-runtime/4.0.0\"","service":"infrastructure-api","timestamp":"2026-09-01T08:28:38.315Z"}
{"level":"info","message":"::1 - - [01/Sep/2026:08:29:04 +0000] \"GET /health HTTP/1.1\" - - \"-\" \"bruno-runtime/4.0.0\"","service":"infrastructure-api","timestamp":"2026-09-01T08:29:04.364Z"}
{"ip":"::1","level":"warn","message":"Rate Limit exceeded","method":"GET","path":"/health","service":"infrastructure-api","timestamp":"2026-09-01T08:29:04.414Z","userAgent":"bruno-runtime/4.0.0"}
{"level":"info","message":"::1 - - [01/Sep/2026:08:29:04 +0000] \"GET /health HTTP/1.1\" - - \"-\" \"bruno-runtime/4.0.0\"","service":"infrastructure-api","timestamp":"2026-09-01T08:29:04.715Z"}
{"ip":"::1","level":"warn","message":"Rate Limit exceeded","method":"GET","path":"/health","service":"infrastructure-api","timestamp":"2026-09-01T08:29:04.780Z","userAgent":"bruno-runtime/4.0.0"}
{"level":"info","message":"::1 - - [01/Sep/2026:08:29:05 +0000] \"GET /health HTTP/1.1\" - - \"-\" \"bruno-runtime/4.0.0\"","service":"infrastructure-api","timestamp":"2026-09-01T08:29:05.051Z"}
{"ip":"::1","level":"warn","message":"Rate Limit exceeded","method":"GET","path":"/health","service":"infrastructure-api","timestamp":"2026-09-01T08:29:05.128Z","userAgent":"bruno-runtime/4.0.0"}
{"ip":"::1","level":"warn","message":"Rate Limit exceeded","method":"GET","path":"/health","service":"infrastructure-api","timestamp":"2026-09-01T08:29:05.732Z","userAgent":"bruno-runtime/4.0.0"}
{"level":"info","message":"::1 - - [01/Sep/2026:08:29:05 +0000] \"GET /health HTTP/1.1\" 403 51 \"-\" \"bruno-runtime/4.0.0\"","service":"infrastructure-api","timestamp":"2026-09-01T08:29:05.733Z"}
